
> library(purrr)

> library(stringr)

> installPackage <- function(pkg) {
+     message("Attempting to install package ", pkg)
+     status <- tryCatch({
+         BiocManager::install(pkg, ask = FALSE)
+         status <- "success"
+     }, error = function(e) {
+         message("ERROR: FAILED TO INSTALL PACKAGE ", pkg)
+         message(conditionMessage(e))
+         return("FAILED")
+     })
+     message("----------------------------------------\n")
+     str_c(pkg, ": ", status)
+ }

> packages <- read_lines("Packages.txt")

> pkgs <- setdiff(packages, rownames(installed.packages()))

> map_chr(pkgs, installPackage)
Attempting to install package BiocParallel
ERROR: FAILED TO INSTALL PACKAGE BiocParallel
there is no package called ‘BiocManager’
----------------------------------------

Attempting to install package DESeq2
ERROR: FAILED TO INSTALL PACKAGE DESeq2
there is no package called ‘BiocManager’
----------------------------------------

Attempting to install package DT
ERROR: FAILED TO INSTALL PACKAGE DT
there is no package called ‘BiocManager’
----------------------------------------

Attempting to install package DropletUtils
ERROR: FAILED TO INSTALL PACKAGE DropletUtils
there is no package called ‘BiocManager’
----------------------------------------

Attempting to install package OmnipathR
ERROR: FAILED TO INSTALL PACKAGE OmnipathR
there is no package called ‘BiocManager’
----------------------------------------

Attempting to install package Seurat
ERROR: FAILED TO INSTALL PACKAGE Seurat
there is no package called ‘BiocManager’
----------------------------------------

Attempting to install package UpSetR
ERROR: FAILED TO INSTALL PACKAGE UpSetR
there is no package called ‘BiocManager’
----------------------------------------

Attempting to install package bluster
ERROR: FAILED TO INSTALL PACKAGE bluster
there is no package called ‘BiocManager’
----------------------------------------

Attempting to install package decoupleR
ERROR: FAILED TO INSTALL PACKAGE decoupleR
there is no package called ‘BiocManager’
----------------------------------------

Attempting to install package devtools
ERROR: FAILED TO INSTALL PACKAGE devtools
there is no package called ‘BiocManager’
----------------------------------------

Attempting to install package furrr
ERROR: FAILED TO INSTALL PACKAGE furrr
there is no package called ‘BiocManager’
----------------------------------------

Attempting to install package ggdendro
ERROR: FAILED TO INSTALL PACKAGE ggdendro
there is no package called ‘BiocManager’
----------------------------------------

Attempting to install package ggfortify
ERROR: FAILED TO INSTALL PACKAGE ggfortify
there is no package called ‘BiocManager’
----------------------------------------

Attempting to install package ggprism
ERROR: FAILED TO INSTALL PACKAGE ggprism
there is no package called ‘BiocManager’
----------------------------------------

Attempting to install package ggrepel
ERROR: FAILED TO INSTALL PACKAGE ggrepel
there is no package called ‘BiocManager’
----------------------------------------

Attempting to install package ggvenn
ERROR: FAILED TO INSTALL PACKAGE ggvenn
there is no package called ‘BiocManager’
----------------------------------------

Attempting to install package kableExtra
ERROR: FAILED TO INSTALL PACKAGE kableExtra
there is no package called ‘BiocManager’
----------------------------------------

Attempting to install package MAST
ERROR: FAILED TO INSTALL PACKAGE MAST
there is no package called ‘BiocManager’
----------------------------------------

Attempting to install package miloR
ERROR: FAILED TO INSTALL PACKAGE miloR
there is no package called ‘BiocManager’
----------------------------------------

Attempting to install package org.mm.eg.db
ERROR: FAILED TO INSTALL PACKAGE org.mm.eg.db
there is no package called ‘BiocManager’
----------------------------------------

Attempting to install package patchwork
ERROR: FAILED TO INSTALL PACKAGE patchwork
there is no package called ‘BiocManager’
----------------------------------------

Attempting to install package pheatmap
ERROR: FAILED TO INSTALL PACKAGE pheatmap
there is no package called ‘BiocManager’
----------------------------------------

Attempting to install package scater
ERROR: FAILED TO INSTALL PACKAGE scater
there is no package called ‘BiocManager’
----------------------------------------

Attempting to install package scran
ERROR: FAILED TO INSTALL PACKAGE scran
there is no package called ‘BiocManager’
----------------------------------------

Attempting to install package svglite
ERROR: FAILED TO INSTALL PACKAGE svglite
there is no package called ‘BiocManager’
----------------------------------------

Attempting to install package umap
ERROR: FAILED TO INSTALL PACKAGE umap
there is no package called ‘BiocManager’
----------------------------------------

Attempting to install package velociraptor
ERROR: FAILED TO INSTALL PACKAGE velociraptor
there is no package called ‘BiocManager’
----------------------------------------

 [1] "BiocParallel: FAILED" "DESeq2: FAILED"       "DT: FAILED"          
 [4] "DropletUtils: FAILED" "OmnipathR: FAILED"    "Seurat: FAILED"      
 [7] "UpSetR: FAILED"       "bluster: FAILED"      "decoupleR: FAILED"   
[10] "devtools: FAILED"     "furrr: FAILED"        "ggdendro: FAILED"    
[13] "ggfortify: FAILED"    "ggprism: FAILED"      "ggrepel: FAILED"     
[16] "ggvenn: FAILED"       "kableExtra: FAILED"   "MAST: FAILED"        
[19] "miloR: FAILED"        "org.mm.eg.db: FAILED" "patchwork: FAILED"   
[22] "pheatmap: FAILED"     "scater: FAILED"       "scran: FAILED"       
[25] "svglite: FAILED"      "umap: FAILED"         "velociraptor: FAILED"
